// Jest Snapshot v1, https://goo.gl/fbAQLP

exports[`should render correctly 1`] = `
<div
  className="parent-process-modal"
>
  <div
    className="parent-process-activity-type"
  >
    <label>
      activity types
    </label>
    <div
      className="react-select css-2b097c-container"
      onKeyDown={[Function]}
    >
      <span
        aria-atomic="false"
        aria-live="polite"
        aria-relevant="additions text"
        className="css-1f43avz-a11yText-A11yText"
      />
      <div
        className="react-select__control css-yk16xz-control"
        onMouseDown={[Function]}
        onTouchEnd={[Function]}
      >
        <div
          className="react-select__value-container react-select__value-container--has-value css-g1d714-ValueContainer"
        >
          <div
            className="react-select__single-value css-1uccc91-singleValue"
          >
            select activity types
          </div>
          <div
            className="css-b8ldur-Input"
          >
            <div
              className="react-select__input"
              style={
                Object {
                  "display": "inline-block",
                }
              }
            >
              <input
                aria-autocomplete="list"
                autoCapitalize="none"
                autoComplete="off"
                autoCorrect="off"
                disabled={false}
                id="react-select-2-input"
                onBlur={[Function]}
                onChange={[Function]}
                onFocus={[Function]}
                spellCheck="false"
                style={
                  Object {
                    "background": 0,
                    "border": 0,
                    "boxSizing": "content-box",
                    "color": "inherit",
                    "fontSize": "inherit",
                    "label": "input",
                    "opacity": 1,
                    "outline": 0,
                    "padding": 0,
                    "width": "1px",
                  }
                }
                tabIndex="0"
                type="text"
                value=""
              />
              <div
                style={
                  Object {
                    "height": 0,
                    "left": 0,
                    "overflow": "scroll",
                    "position": "absolute",
                    "top": 0,
                    "visibility": "hidden",
                    "whiteSpace": "pre",
                  }
                }
              >
                
              </div>
            </div>
          </div>
        </div>
        <div
          className="react-select__indicators css-1hb7zxy-IndicatorsContainer"
        >
          <span
            className="react-select__indicator-separator css-1okebmr-indicatorSeparator"
          />
          <div
            aria-hidden="true"
            className="react-select__indicator react-select__dropdown-indicator css-tlfecz-indicatorContainer"
            onMouseDown={[Function]}
            onTouchEnd={[Function]}
          >
            <svg
              aria-hidden="true"
              className="css-tj5bde-Svg"
              focusable="false"
              height={20}
              viewBox="0 0 20 20"
              width={20}
            >
              <path
                d="M4.516 7.548c0.436-0.446 1.043-0.481 1.576 0l3.908 3.747 3.908-3.747c0.533-0.481 1.141-0.446 1.574 0 0.436 0.445 0.408 1.197 0 1.615-0.406 0.418-4.695 4.502-4.695 4.502-0.217 0.223-0.502 0.335-0.787 0.335s-0.57-0.112-0.789-0.335c0 0-4.287-4.084-4.695-4.502s-0.436-1.17 0-1.615z"
              />
            </svg>
          </div>
        </div>
      </div>
    </div>
  </div>
  <div
    className="parent-process-job-description"
  >
    <label>
      job description
    </label>
    <div
      className="react-select react-select--is-disabled css-14jk2my-container"
      onKeyDown={[Function]}
    >
      <span
        aria-atomic="false"
        aria-live="polite"
        aria-relevant="additions text"
        className="css-1f43avz-a11yText-A11yText"
      />
      <div
        className="react-select__control react-select__control--is-disabled css-1fhf3k1-control"
        onMouseDown={[Function]}
        onTouchEnd={[Function]}
      >
        <div
          className="react-select__value-container react-select__value-container--has-value css-g1d714-ValueContainer"
        >
          <div
            className="react-select__single-value react-select__single-value--is-disabled css-107lb6w-singleValue"
          >
            select job description
          </div>
          <div
            className="css-1bwsx9e-Input"
          >
            <div
              className="react-select__input"
              style={
                Object {
                  "display": "inline-block",
                }
              }
            >
              <input
                aria-autocomplete="list"
                autoCapitalize="none"
                autoComplete="off"
                autoCorrect="off"
                disabled={true}
                id="react-select-3-input"
                onBlur={[Function]}
                onChange={[Function]}
                onFocus={[Function]}
                spellCheck="false"
                style={
                  Object {
                    "background": 0,
                    "border": 0,
                    "boxSizing": "content-box",
                    "color": "inherit",
                    "fontSize": "inherit",
                    "label": "input",
                    "opacity": 1,
                    "outline": 0,
                    "padding": 0,
                    "width": "1px",
                  }
                }
                tabIndex="0"
                type="text"
                value=""
              />
              <div
                style={
                  Object {
                    "height": 0,
                    "left": 0,
                    "overflow": "scroll",
                    "position": "absolute",
                    "top": 0,
                    "visibility": "hidden",
                    "whiteSpace": "pre",
                  }
                }
              >
                
              </div>
            </div>
          </div>
        </div>
        <div
          className="react-select__indicators css-1hb7zxy-IndicatorsContainer"
        >
          <span
            className="react-select__indicator-separator css-109onse-indicatorSeparator"
          />
          <div
            aria-hidden="true"
            className="react-select__indicator react-select__dropdown-indicator css-tlfecz-indicatorContainer"
            onMouseDown={[Function]}
            onTouchEnd={[Function]}
          >
            <svg
              aria-hidden="true"
              className="css-tj5bde-Svg"
              focusable="false"
              height={20}
              viewBox="0 0 20 20"
              width={20}
            >
              <path
                d="M4.516 7.548c0.436-0.446 1.043-0.481 1.576 0l3.908 3.747 3.908-3.747c0.533-0.481 1.141-0.446 1.574 0 0.436 0.445 0.408 1.197 0 1.615-0.406 0.418-4.695 4.502-4.695 4.502-0.217 0.223-0.502 0.335-0.787 0.335s-0.57-0.112-0.789-0.335c0 0-4.287-4.084-4.695-4.502s-0.436-1.17 0-1.615z"
              />
            </svg>
          </div>
        </div>
      </div>
    </div>
  </div>
  <div
    className="parent-process-business-process"
  >
    <label>
      business process
    </label>
    <div
      className="react-select react-select--is-disabled css-14jk2my-container"
      onKeyDown={[Function]}
    >
      <span
        aria-atomic="false"
        aria-live="polite"
        aria-relevant="additions text"
        className="css-1f43avz-a11yText-A11yText"
      />
      <div
        className="react-select__control react-select__control--is-disabled css-1fhf3k1-control"
        onMouseDown={[Function]}
        onTouchEnd={[Function]}
      >
        <div
          className="react-select__value-container react-select__value-container--has-value css-g1d714-ValueContainer"
        >
          <div
            className="react-select__single-value react-select__single-value--is-disabled css-107lb6w-singleValue"
          >
            select business process
          </div>
          <div
            className="css-1bwsx9e-Input"
          >
            <div
              className="react-select__input"
              style={
                Object {
                  "display": "inline-block",
                }
              }
            >
              <input
                aria-autocomplete="list"
                autoCapitalize="none"
                autoComplete="off"
                autoCorrect="off"
                disabled={true}
                id="react-select-4-input"
                onBlur={[Function]}
                onChange={[Function]}
                onFocus={[Function]}
                spellCheck="false"
                style={
                  Object {
                    "background": 0,
                    "border": 0,
                    "boxSizing": "content-box",
                    "color": "inherit",
                    "fontSize": "inherit",
                    "label": "input",
                    "opacity": 1,
                    "outline": 0,
                    "padding": 0,
                    "width": "1px",
                  }
                }
                tabIndex="0"
                type="text"
                value=""
              />
              <div
                style={
                  Object {
                    "height": 0,
                    "left": 0,
                    "overflow": "scroll",
                    "position": "absolute",
                    "top": 0,
                    "visibility": "hidden",
                    "whiteSpace": "pre",
                  }
                }
              >
                
              </div>
            </div>
          </div>
        </div>
        <div
          className="react-select__indicators css-1hb7zxy-IndicatorsContainer"
        >
          <span
            className="react-select__indicator-separator css-109onse-indicatorSeparator"
          />
          <div
            aria-hidden="true"
            className="react-select__indicator react-select__dropdown-indicator css-tlfecz-indicatorContainer"
            onMouseDown={[Function]}
            onTouchEnd={[Function]}
          >
            <svg
              aria-hidden="true"
              className="css-tj5bde-Svg"
              focusable="false"
              height={20}
              viewBox="0 0 20 20"
              width={20}
            >
              <path
                d="M4.516 7.548c0.436-0.446 1.043-0.481 1.576 0l3.908 3.747 3.908-3.747c0.533-0.481 1.141-0.446 1.574 0 0.436 0.445 0.408 1.197 0 1.615-0.406 0.418-4.695 4.502-4.695 4.502-0.217 0.223-0.502 0.335-0.787 0.335s-0.57-0.112-0.789-0.335c0 0-4.287-4.084-4.695-4.502s-0.436-1.17 0-1.615z"
              />
            </svg>
          </div>
        </div>
      </div>
    </div>
  </div>
  <div
    className="parent-process-business-process"
  >
    <label>
      Parent process
    </label>
    <div
      className="react-select react-select--is-disabled css-14jk2my-container"
      onKeyDown={[Function]}
    >
      <span
        aria-atomic="false"
        aria-live="polite"
        aria-relevant="additions text"
        className="css-1f43avz-a11yText-A11yText"
      />
      <div
        className="react-select__control react-select__control--is-disabled css-1fhf3k1-control"
        onMouseDown={[Function]}
        onTouchEnd={[Function]}
      >
        <div
          className="react-select__value-container react-select__value-container--has-value css-g1d714-ValueContainer"
        >
          <div
            className="react-select__single-value react-select__single-value--is-disabled css-107lb6w-singleValue"
          >
            select parent process
          </div>
          <div
            className="css-1bwsx9e-Input"
          >
            <div
              className="react-select__input"
              style={
                Object {
                  "display": "inline-block",
                }
              }
            >
              <input
                aria-autocomplete="list"
                autoCapitalize="none"
                autoComplete="off"
                autoCorrect="off"
                disabled={true}
                id="react-select-5-input"
                onBlur={[Function]}
                onChange={[Function]}
                onFocus={[Function]}
                spellCheck="false"
                style={
                  Object {
                    "background": 0,
                    "border": 0,
                    "boxSizing": "content-box",
                    "color": "inherit",
                    "fontSize": "inherit",
                    "label": "input",
                    "opacity": 1,
                    "outline": 0,
                    "padding": 0,
                    "width": "1px",
                  }
                }
                tabIndex="0"
                type="text"
                value=""
              />
              <div
                style={
                  Object {
                    "height": 0,
                    "left": 0,
                    "overflow": "scroll",
                    "position": "absolute",
                    "top": 0,
                    "visibility": "hidden",
                    "whiteSpace": "pre",
                  }
                }
              >
                
              </div>
            </div>
          </div>
        </div>
        <div
          className="react-select__indicators css-1hb7zxy-IndicatorsContainer"
        >
          <span
            className="react-select__indicator-separator css-109onse-indicatorSeparator"
          />
          <div
            aria-hidden="true"
            className="react-select__indicator react-select__dropdown-indicator css-tlfecz-indicatorContainer"
            onMouseDown={[Function]}
            onTouchEnd={[Function]}
          >
            <svg
              aria-hidden="true"
              className="css-tj5bde-Svg"
              focusable="false"
              height={20}
              viewBox="0 0 20 20"
              width={20}
            >
              <path
                d="M4.516 7.548c0.436-0.446 1.043-0.481 1.576 0l3.908 3.747 3.908-3.747c0.533-0.481 1.141-0.446 1.574 0 0.436 0.445 0.408 1.197 0 1.615-0.406 0.418-4.695 4.502-4.695 4.502-0.217 0.223-0.502 0.335-0.787 0.335s-0.57-0.112-0.789-0.335c0 0-4.287-4.084-4.695-4.502s-0.436-1.17 0-1.615z"
              />
            </svg>
          </div>
        </div>
      </div>
    </div>
  </div>
  <div
    className="parent-process-add-sub"
  >
    <label>
      add sub process
    </label>
    <input
      className="form-control"
      data-testid="sub-process-name"
      disabled={true}
      onChange={[Function]}
      placeholder="add sub process"
      type="text"
      value=""
    />
  </div>
  <div
    className="task-management-footer-btn"
  >
    <button
      className="btn btn-danger"
      disabled={false}
      onClick={[Function]}
      type="button"
    >
      cancel
    </button>
    <button
      className="btn btn-primary"
      data-testid="create-sub-process"
      disabled={false}
      onClick={[Function]}
      type="button"
    >
      add
    </button>
  </div>
</div>
`;
